src/app/(app)/(tabs)/home/_layout.tsx(24,11): error TS2353: Object literal may only specify known properties, and 'height' does not exist in type '{ backgroundColor?: string | undefined; } | RecursiveArray<Falsy | { backgroundColor?: string | undefined; } | RegisteredStyle<{ backgroundColor?: string | undefined; }>>'.
src/app/(app)/(tabs)/notifications.tsx(15,20): error TS2305: Module '"react-native-reanimated"' has no exported member 'Layout'.
src/app/(app)/(tabs)/notifications.tsx(15,28): error TS2305: Module '"react-native-reanimated"' has no exported member 'FadeOut'.
src/app/(app)/(tabs)/notifications.tsx(157,17): error TS2339: Property 'View' does not exist on type 'typeof import("react-native-reanimated")'.
src/app/(app)/(tabs)/notifications.tsx(268,18): error TS2339: Property 'View' does not exist on type 'typeof import("react-native-reanimated")'.
src/app/(app)/(tabs)/notifications.tsx(343,19): error TS2339: Property 'View' does not exist on type 'typeof import("react-native-reanimated")'.
src/app/(app)/(tabs)/notifications.tsx(404,20): error TS2339: Property 'View' does not exist on type 'typeof import("react-native-reanimated")'.
test_reanimated.ts(2,20): error TS2305: Module '"react-native-reanimated"' has no exported member 'createAnimatedComponent'.
test_reanimated.ts(6,24): error TS2339: Property 'View' does not exist on type 'typeof import("react-native-reanimated")'.
